2026-06-02T14:57:18Z INF Thank you for trying Cloudflare Tunnel. Doing so, without a Cloudflare account, is a quick way to experiment and try it out. However, be aware that these account-less Tunnels have no uptime guarantee, are subject to the Cloudflare Online Services Terms of Use (https://www.cloudflare.com/website-terms/), and Cloudflare reserves the right to investigate your use of Tunnels for violations of such terms. If you intend to use Tunnels in production you should use a pre-created named tunnel by following: https://developers.cloudflare.com/cloudflare-one/connections/connect-apps
2026-06-02T14:57:18Z INF Requesting new quick Tunnel on trycloudflare.com...
2026-06-02T14:57:21Z INF +--------------------------------------------------------------------------------------------+
2026-06-02T14:57:21Z INF |  Your quick Tunnel has been created! Visit it at (it may take some time to be reachable):  |
2026-06-02T14:57:21Z INF |  https://nevada-humor-trio-beer.trycloudflare.com                                          |
2026-06-02T14:57:21Z INF +--------------------------------------------------------------------------------------------+
2026-06-02T14:57:21Z INF Cannot determine default configuration path. No file [config.yml config.yaml] in [~/.cloudflared ~/.cloudflare-warp ~/cloudflare-warp]
2026-06-02T14:57:21Z INF Version 2026.5.2 (Checksum 20b9638f685333d623798e733effbad2487093f15ba592f6c7752360ff3b7ab7)
2026-06-02T14:57:21Z INF GOOS: windows, GOVersion: go1.26.3, GoArch: amd64
2026-06-02T14:57:21Z INF Settings: map[ha-connections:1 no-autoupdate:true protocol:quic url:http://localhost:3000]
2026-06-02T14:57:21Z INF cloudflared will not automatically update on Windows systems.
2026-06-02T14:57:21Z INF Generated Connector ID: c00fa6ca-8109-4551-a6c0-395541e95b73
2026-06-02T14:57:21Z INF Initial protocol quic
2026-06-02T14:57:21Z INF ICMP proxy will use 192.168.0.3 as source for IPv4
2026-06-02T14:57:21Z INF ICMP proxy will use 240f:33:6106:1:7d00:4bd6:a3c8:6e36 in zone Wi-Fi as source for IPv6
2026-06-02T14:57:21Z INF cloudflared does not support loading the system root certificate pool on Windows. Please use --origin-ca-pool <PATH> to specify the path to the certificate pool
2026-06-02T14:57:21Z INF ICMP proxy will use 192.168.0.3 as source for IPv4
2026-06-02T14:57:21Z INF Tunnel connection curve preferences: [X25519MLKEM768 CurveID(65074) CurveP256] connIndex=0 event=0 ip=2606:4700:a0::2
2026-06-02T14:57:22Z INF ICMP proxy will use 240f:33:6106:1:7d00:4bd6:a3c8:6e36 in zone Wi-Fi as source for IPv6
2026-06-02T14:57:22Z INF Starting metrics server on 127.0.0.1:20241/metrics
2026-06-02T14:57:22Z INF +-------------------------------------------------------------------------------------+
2026-06-02T14:57:22Z INF |                               CONNECTIVITY PRE-CHECKS                               |
2026-06-02T14:57:22Z INF +-------------------------------------------------------------------------------------+
2026-06-02T14:57:22Z INF |  COMPONENT         TARGET                     STATUS  DETAILS                       |
2026-06-02T14:57:22Z INF |  DNS Resolution    region1.v2.argotunnel.com  PASS    DNS Resolved successfully     |
2026-06-02T14:57:22Z INF |  DNS Resolution    region2.v2.argotunnel.com  PASS    DNS Resolved successfully     |
2026-06-02T14:57:22Z INF |  UDP Connectivity  region1.v2.argotunnel.com  PASS    QUIC connection successful    |
2026-06-02T14:57:22Z INF |  UDP Connectivity  region2.v2.argotunnel.com  PASS    QUIC connection successful    |
2026-06-02T14:57:22Z INF |  TCP Connectivity  region1.v2.argotunnel.com  PASS    HTTP/2 connection successful  |
2026-06-02T14:57:22Z INF |  TCP Connectivity  region2.v2.argotunnel.com  PASS    HTTP/2 connection successful  |
2026-06-02T14:57:22Z INF |  Cloudflare API    api.cloudflare.com:443     PASS    API is reachable              |
2026-06-02T14:57:22Z INF |                                                                                     |
2026-06-02T14:57:22Z INF |  SUMMARY: Environment is healthy. cloudflared will use 'quic' as primary protocol.  |
2026-06-02T14:57:22Z INF +-------------------------------------------------------------------------------------+
2026-06-02T14:57:22Z INF precheck component="DNS Resolution" details="DNS Resolved successfully" run_id=c2aacb79-32ce-4511-abf7-d3fd42fcd375 status=pass target=region1.v2.argotunnel.com
2026-06-02T14:57:22Z INF precheck component="DNS Resolution" details="DNS Resolved successfully" run_id=c2aacb79-32ce-4511-abf7-d3fd42fcd375 status=pass target=region2.v2.argotunnel.com
2026-06-02T14:57:22Z INF precheck component="UDP Connectivity" details="QUIC connection successful" run_id=c2aacb79-32ce-4511-abf7-d3fd42fcd375 status=pass target=region1.v2.argotunnel.com
2026-06-02T14:57:22Z INF precheck component="UDP Connectivity" details="QUIC connection successful" run_id=c2aacb79-32ce-4511-abf7-d3fd42fcd375 status=pass target=region2.v2.argotunnel.com
2026-06-02T14:57:22Z INF precheck component="TCP Connectivity" details="HTTP/2 connection successful" run_id=c2aacb79-32ce-4511-abf7-d3fd42fcd375 status=pass target=region1.v2.argotunnel.com
2026-06-02T14:57:22Z INF precheck component="TCP Connectivity" details="HTTP/2 connection successful" run_id=c2aacb79-32ce-4511-abf7-d3fd42fcd375 status=pass target=region2.v2.argotunnel.com
2026-06-02T14:57:22Z INF precheck component="Cloudflare API" details="API is reachable" run_id=c2aacb79-32ce-4511-abf7-d3fd42fcd375 status=pass target=api.cloudflare.com:443
2026-06-02T14:57:22Z INF precheck complete hard_fail=false run_id=c2aacb79-32ce-4511-abf7-d3fd42fcd375 suggested_protocol=quic
2026-06-02T14:57:22Z INF Registered tunnel connection connIndex=0 connection=bad24c69-482e-4481-a7f0-505d9d9ef107 event=0 ip=2606:4700:a0::2 location=nrt09 protocol=quic
2026-06-02T15:07:14Z ERR  error="Unable to reach the origin service. The service may be down or it may not be responding to traffic from cloudflared: dial tcp [::1]:3000: connectex: No connection could be made because the target machine actively refused it." connIndex=0 event=1 ingressRule=0 originService=http://localhost:3000
2026-06-02T15:07:14Z ERR Request failed error="Unable to reach the origin service. The service may be down or it may not be responding to traffic from cloudflared: dial tcp [::1]:3000: connectex: No connection could be made because the target machine actively refused it." connIndex=0 dest=https://nevada-humor-trio-beer.trycloudflare.com/api/submissions event=0 ip=2606:4700:a0::2 type=http
2026-06-02T15:25:45Z ERR  error="Unable to reach the origin service. The service may be down or it may not be responding to traffic from cloudflared: dial tcp [::1]:3000: connectex: No connection could be made because the target machine actively refused it." connIndex=0 event=1 ingressRule=0 originService=http://localhost:3000
2026-06-02T15:25:45Z ERR Request failed error="Unable to reach the origin service. The service may be down or it may not be responding to traffic from cloudflared: dial tcp [::1]:3000: connectex: No connection could be made because the target machine actively refused it." connIndex=0 dest=https://nevada-humor-trio-beer.trycloudflare.com/api/submissions event=0 ip=2606:4700:a0::2 type=http
